[INFO] Scanning for projects...
[INFO] ------------------------------------------------------------------------
[INFO] Reactor Build Order:
[INFO] 
[INFO] backend-reservas                                                   [pom]
[INFO] shared                                                             [jar]
[INFO] users                                                              [jar]
[INFO] doctors                                                            [jar]
[INFO] appointments                                                       [jar]
[INFO] app-main                                                           [jar]
[INFO] 
[INFO] --------------------< com.clinica:backend-reservas >--------------------
[INFO] Building backend-reservas 0.0.1-SNAPSHOT                           [1/6]
[INFO]   from pom.xml
[INFO] --------------------------------[ pom ]---------------------------------
[INFO] 
[INFO] -------------------------< com.clinica:shared >-------------------------
[INFO] Building shared 0.0.1-SNAPSHOT                                     [2/6]
[INFO]   from shared\pom.xml
[INFO] --------------------------------[ jar ]---------------------------------
[INFO] 
[INFO] --- resources:3.3.1:resources (default-resources) @ shared ---
[INFO] Copying 0 resource from src\main\resources to target\classes
[INFO] Copying 0 resource from src\main\resources to target\classes
[INFO] 
[INFO] --- compiler:3.14.1:compile (default-compile) @ shared ---
[INFO] Nothing to compile - all classes are up to date.
[INFO] 
[INFO] -------------------------< com.clinica:users >--------------------------
[INFO] Building users 0.0.1-SNAPSHOT                                      [3/6]
[INFO]   from users\pom.xml
[INFO] --------------------------------[ jar ]---------------------------------
[INFO] 
[INFO] --- resources:3.3.1:resources (default-resources) @ users ---
[INFO] Copying 0 resource from src\main\resources to target\classes
[INFO] Copying 0 resource from src\main\resources to target\classes
[INFO] 
[INFO] --- compiler:3.14.1:compile (default-compile) @ users ---
[INFO] Recompiling the module because of added or removed source files.
[INFO] Compiling 16 source files with javac [debug parameters release 25] to target\classes
[INFO] ------------------------------------------------------------------------
[INFO] Reactor Summary for backend-reservas 0.0.1-SNAPSHOT:
[INFO] 
[INFO] backend-reservas ................................... SUCCESS [  0.006 s]
[INFO] shared ............................................. SUCCESS [  0.745 s]
[INFO] users .............................................. FAILURE [  0.577 s]
[INFO] doctors ............................................ SKIPPED
[INFO] appointments ....................................... SKIPPED
[INFO] app-main ........................................... SKIPPED
[INFO] ------------------------------------------------------------------------
[INFO] BUILD FAILURE
[INFO] ------------------------------------------------------------------------
[INFO] Total time:  1.741 s
[INFO] Finished at: 2026-03-19T23:15:44-05:00
[INFO] ------------------------------------------------------------------------
[ERROR] Failed to execute goal org.apache.maven.plugins:maven-compiler-plugin:3.14.1:compile (default-compile) on project users: Fatal error compiling: error: release version 25 not supported -> [Help 1]
[ERROR] 
[ERROR] To see the full stack trace of the errors, re-run Maven with the -e switch.
[ERROR] Re-run Maven using the -X switch to enable full debug logging.
[ERROR] 
[ERROR] For more information about the errors and possible solutions, please read the following articles:
[ERROR] [Help 1] http://cwiki.apache.org/confluence/display/MAVEN/MojoExecutionException
[ERROR] 
[ERROR] After correcting the problems, you can resume the build with the command
[ERROR]   mvn <args> -rf :users
