[INFO] Scanning for projects...
[INFO] ------------------------------------------------------------------------
[INFO] Reactor Build Order:
[INFO] 
[INFO] backend-reservas                                                   [pom]
[INFO] shared                                                             [jar]
[INFO] users                                                              [jar]
[INFO] doctors                                                            [jar]
[INFO] appointments                                                       [jar]
[INFO] 
[INFO] --------------------< com.clinica:backend-reservas >--------------------
[INFO] Building backend-reservas 0.0.1-SNAPSHOT                           [1/5]
[INFO]   from pom.xml
[INFO] --------------------------------[ pom ]---------------------------------
[INFO] 
[INFO] -------------------------< com.clinica:shared >-------------------------
[INFO] Building shared 0.0.1-SNAPSHOT                                     [2/5]
[INFO]   from shared\pom.xml
[INFO] --------------------------------[ jar ]---------------------------------
[INFO] 
[INFO] --- resources:3.3.1:resources (default-resources) @ shared ---
[INFO] Copying 0 resource from src\main\resources to target\classes
[INFO] Copying 0 resource from src\main\resources to target\classes
[INFO] 
[INFO] --- compiler:3.14.1:compile (default-compile) @ shared ---
[INFO] Nothing to compile - all classes are up to date.
[INFO] 
[INFO] -------------------------< com.clinica:users >--------------------------
[INFO] Building users 0.0.1-SNAPSHOT                                      [3/5]
[INFO]   from users\pom.xml
[INFO] --------------------------------[ jar ]---------------------------------
[INFO] 
[INFO] --- resources:3.3.1:resources (default-resources) @ users ---
[INFO] Copying 0 resource from src\main\resources to target\classes
[INFO] Copying 0 resource from src\main\resources to target\classes
[INFO] 
[INFO] --- compiler:3.14.1:compile (default-compile) @ users ---
[INFO] Nothing to compile - all classes are up to date.
[INFO] 
[INFO] ------------------------< com.clinica:doctors >-------------------------
[INFO] Building doctors 0.0.1-SNAPSHOT                                    [4/5]
[INFO]   from doctors\pom.xml
[INFO] --------------------------------[ jar ]---------------------------------
[INFO] 
[INFO] --- resources:3.3.1:resources (default-resources) @ doctors ---
[INFO] Copying 0 resource from src\main\resources to target\classes
[INFO] Copying 0 resource from src\main\resources to target\classes
[INFO] 
[INFO] --- compiler:3.14.1:compile (default-compile) @ doctors ---
[INFO] Nothing to compile - all classes are up to date.
[INFO] 
[INFO] ----------------------< com.clinica:appointments >----------------------
[INFO] Building appointments 0.0.1-SNAPSHOT                               [5/5]
[INFO]   from appointments\pom.xml
[INFO] --------------------------------[ jar ]---------------------------------
[INFO] 
[INFO] --- resources:3.3.1:resources (default-resources) @ appointments ---
[INFO] Copying 0 resource from src\main\resources to target\classes
[INFO] Copying 0 resource from src\main\resources to target\classes
[INFO] 
[INFO] --- compiler:3.14.1:compile (default-compile) @ appointments ---
[INFO] Recompiling the module because of changed source code.
[INFO] Compiling 10 source files with javac [debug parameters release 25] to target\classes
[INFO] -------------------------------------------------------------
[ERROR] COMPILATION ERROR : 
[INFO] -------------------------------------------------------------
[ERROR] /C:/Users/AN515-54-55MX/OneDrive/Escritorio/Agendamiento de citas medicas/backend-reservas/appointments/src/main/java/com/clinica/appointments/application/services/AppointmentServiceImpl.java:[5,55] cannot find symbol
  symbol:   class DoctorRepository
  location: package com.clinica.doctors.infrastructure.repositories
[ERROR] /C:/Users/AN515-54-55MX/OneDrive/Escritorio/Agendamiento de citas medicas/backend-reservas/appointments/src/main/java/com/clinica/appointments/application/services/AppointmentServiceImpl.java:[23,19] cannot find symbol
  symbol:   class DoctorRepository
  location: class com.clinica.appointments.application.services.AppointmentServiceImpl
[ERROR] /C:/Users/AN515-54-55MX/OneDrive/Escritorio/Agendamiento de citas medicas/backend-reservas/appointments/src/main/java/com/clinica/appointments/application/services/AppointmentServiceImpl.java:[32,115] cannot find symbol
  symbol:   class DoctorRepository
  location: class com.clinica.appointments.application.services.AppointmentServiceImpl
[INFO] 3 errors 
[INFO] -------------------------------------------------------------
[INFO] ------------------------------------------------------------------------
[INFO] Reactor Summary for backend-reservas 0.0.1-SNAPSHOT:
[INFO] 
[INFO] backend-reservas ................................... SUCCESS [  0.003 s]
[INFO] shared ............................................. SUCCESS [  0.846 s]
[INFO] users .............................................. SUCCESS [  0.394 s]
[INFO] doctors ............................................ SUCCESS [  0.142 s]
[INFO] appointments ....................................... FAILURE [  2.030 s]
[INFO] ------------------------------------------------------------------------
[INFO] BUILD FAILURE
[INFO] ------------------------------------------------------------------------
[INFO] Total time:  3.835 s
[INFO] Finished at: 2026-03-20T12:50:20-05:00
[INFO] ------------------------------------------------------------------------
[ERROR] Failed to execute goal org.apache.maven.plugins:maven-compiler-plugin:3.14.1:compile (default-compile) on project appointments: Compilation failure: Compilation failure: 
[ERROR] /C:/Users/AN515-54-55MX/OneDrive/Escritorio/Agendamiento de citas medicas/backend-reservas/appointments/src/main/java/com/clinica/appointments/application/services/AppointmentServiceImpl.java:[5,55] cannot find symbol
[ERROR]   symbol:   class DoctorRepository
[ERROR]   location: package com.clinica.doctors.infrastructure.repositories
[ERROR] /C:/Users/AN515-54-55MX/OneDrive/Escritorio/Agendamiento de citas medicas/backend-reservas/appointments/src/main/java/com/clinica/appointments/application/services/AppointmentServiceImpl.java:[23,19] cannot find symbol
[ERROR]   symbol:   class DoctorRepository
[ERROR]   location: class com.clinica.appointments.application.services.AppointmentServiceImpl
[ERROR] /C:/Users/AN515-54-55MX/OneDrive/Escritorio/Agendamiento de citas medicas/backend-reservas/appointments/src/main/java/com/clinica/appointments/application/services/AppointmentServiceImpl.java:[32,115] cannot find symbol
[ERROR]   symbol:   class DoctorRepository
[ERROR]   location: class com.clinica.appointments.application.services.AppointmentServiceImpl
[ERROR] -> [Help 1]
[ERROR] 
[ERROR] To see the full stack trace of the errors, re-run Maven with the -e switch.
[ERROR] Re-run Maven using the -X switch to enable full debug logging.
[ERROR] 
[ERROR] For more information about the errors and possible solutions, please read the following articles:
[ERROR] [Help 1] http://cwiki.apache.org/confluence/display/MAVEN/MojoFailureException
[ERROR] 
[ERROR] After correcting the problems, you can resume the build with the command
[ERROR]   mvn <args> -rf :appointments
