WARNING: A restricted method in java.lang.System has been called
WARNING: java.lang.System::load has been called by org.fusesource.jansi.internal.JansiLoader in an unnamed module (file:/C:/apache-maven/lib/jansi-2.4.0.jar)
WARNING: Use --enable-native-access=ALL-UNNAMED to avoid a warning for callers in this module
WARNING: Restricted methods will be blocked in a future release unless native access is enabled

WARNING: A terminally deprecated method in sun.misc.Unsafe has been called
WARNING: sun.misc.Unsafe::objectFieldOffset has been called by com.google.common.util.concurrent.AbstractFuture$UnsafeAtomicHelper (file:/C:/apache-maven/lib/guava-32.0.1-jre.jar)
WARNING: Please consider reporting this to the maintainers of class com.google.common.util.concurrent.AbstractFuture$UnsafeAtomicHelper
WARNING: sun.misc.Unsafe::objectFieldOffset will be removed in a future release
[INFO] Scanning for projects...
[INFO] ------------------------------------------------------------------------
[INFO] Reactor Build Order:
[INFO] 
[INFO] backend-reservas                                                   [pom]
[INFO] shared                                                             [jar]
[INFO] users                                                              [jar]
[INFO] doctors                                                            [jar]
[INFO] appointments                                                       [jar]
[INFO] app-main                                                           [jar]
[INFO] 
[INFO] --------------------< com.clinica:backend-reservas >--------------------
[INFO] Building backend-reservas 0.0.1-SNAPSHOT                           [1/6]
[INFO]   from pom.xml
[INFO] --------------------------------[ pom ]---------------------------------
[INFO] 
[INFO] -------------------------< com.clinica:shared >-------------------------
[INFO] Building shared 0.0.1-SNAPSHOT                                     [2/6]
[INFO]   from shared\pom.xml
[INFO] --------------------------------[ jar ]---------------------------------
[INFO] 
[INFO] --- resources:3.3.1:resources (default-resources) @ shared ---
[INFO] Copying 0 resource from src\main\resources to target\classes
[INFO] Copying 0 resource from src\main\resources to target\classes
[INFO] 
[INFO] --- compiler:3.14.1:compile (default-compile) @ shared ---
[INFO] Nothing to compile - all classes are up to date.
[INFO] 
[INFO] -------------------------< com.clinica:users >--------------------------
[INFO] Building users 0.0.1-SNAPSHOT                                      [3/6]
[INFO]   from users\pom.xml
[INFO] --------------------------------[ jar ]---------------------------------
[INFO] 
[INFO] --- resources:3.3.1:resources (default-resources) @ users ---
[INFO] Copying 0 resource from src\main\resources to target\classes
[INFO] Copying 0 resource from src\main\resources to target\classes
[INFO] 
[INFO] --- compiler:3.14.1:compile (default-compile) @ users ---
[INFO] Recompiling the module because of changed source code.
[INFO] Compiling 16 source files with javac [debug parameters release 25] to target\classes
[INFO] -------------------------------------------------------------
[ERROR] COMPILATION ERROR : 
[INFO] -------------------------------------------------------------
[ERROR] /C:/Users/AN515-54-55MX/OneDrive/Escritorio/Agendamiento de citas medicas/backend-reservas/users/src/main/java/com/clinica/users/domain/entities/Admin.java:[5,14] package lombok does not exist
[ERROR] /C:/Users/AN515-54-55MX/OneDrive/Escritorio/Agendamiento de citas medicas/backend-reservas/users/src/main/java/com/clinica/users/domain/entities/Admin.java:[6,14] package lombok does not exist
[ERROR] /C:/Users/AN515-54-55MX/OneDrive/Escritorio/Agendamiento de citas medicas/backend-reservas/users/src/main/java/com/clinica/users/domain/entities/Admin.java:[7,14] package lombok does not exist
[ERROR] /C:/Users/AN515-54-55MX/OneDrive/Escritorio/Agendamiento de citas medicas/backend-reservas/users/src/main/java/com/clinica/users/domain/entities/Person.java:[10,14] package lombok does not exist
[ERROR] /C:/Users/AN515-54-55MX/OneDrive/Escritorio/Agendamiento de citas medicas/backend-reservas/users/src/main/java/com/clinica/users/domain/entities/Person.java:[11,14] package lombok does not exist
[ERROR] /C:/Users/AN515-54-55MX/OneDrive/Escritorio/Agendamiento de citas medicas/backend-reservas/users/src/main/java/com/clinica/users/domain/entities/Person.java:[12,14] package lombok does not exist
[ERROR] /C:/Users/AN515-54-55MX/OneDrive/Escritorio/Agendamiento de citas medicas/backend-reservas/users/src/main/java/com/clinica/users/domain/entities/Person.java:[18,2] cannot find symbol
  symbol: class Getter
[ERROR] /C:/Users/AN515-54-55MX/OneDrive/Escritorio/Agendamiento de citas medicas/backend-reservas/users/src/main/java/com/clinica/users/domain/entities/Person.java:[19,2] cannot find symbol
  symbol: class Setter
[ERROR] /C:/Users/AN515-54-55MX/OneDrive/Escritorio/Agendamiento de citas medicas/backend-reservas/users/src/main/java/com/clinica/users/domain/entities/Person.java:[20,2] cannot find symbol
  symbol: class NoArgsConstructor
[ERROR] /C:/Users/AN515-54-55MX/OneDrive/Escritorio/Agendamiento de citas medicas/backend-reservas/users/src/main/java/com/clinica/users/domain/entities/Admin.java:[13,2] cannot find symbol
  symbol: class Getter
[ERROR] /C:/Users/AN515-54-55MX/OneDrive/Escritorio/Agendamiento de citas medicas/backend-reservas/users/src/main/java/com/clinica/users/domain/entities/Admin.java:[14,2] cannot find symbol
  symbol: class Setter
[ERROR] /C:/Users/AN515-54-55MX/OneDrive/Escritorio/Agendamiento de citas medicas/backend-reservas/users/src/main/java/com/clinica/users/domain/entities/Admin.java:[15,2] cannot find symbol
  symbol: class NoArgsConstructor
[ERROR] /C:/Users/AN515-54-55MX/OneDrive/Escritorio/Agendamiento de citas medicas/backend-reservas/users/src/main/java/com/clinica/users/domain/entities/Patient.java:[5,14] package lombok does not exist
[ERROR] /C:/Users/AN515-54-55MX/OneDrive/Escritorio/Agendamiento de citas medicas/backend-reservas/users/src/main/java/com/clinica/users/domain/entities/Patient.java:[6,14] package lombok does not exist
[ERROR] /C:/Users/AN515-54-55MX/OneDrive/Escritorio/Agendamiento de citas medicas/backend-reservas/users/src/main/java/com/clinica/users/domain/entities/Patient.java:[7,14] package lombok does not exist
[ERROR] /C:/Users/AN515-54-55MX/OneDrive/Escritorio/Agendamiento de citas medicas/backend-reservas/users/src/main/java/com/clinica/users/domain/entities/Patient.java:[13,2] cannot find symbol
  symbol: class Getter
[ERROR] /C:/Users/AN515-54-55MX/OneDrive/Escritorio/Agendamiento de citas medicas/backend-reservas/users/src/main/java/com/clinica/users/domain/entities/Patient.java:[14,2] cannot find symbol
  symbol: class Setter
[ERROR] /C:/Users/AN515-54-55MX/OneDrive/Escritorio/Agendamiento de citas medicas/backend-reservas/users/src/main/java/com/clinica/users/domain/entities/Patient.java:[15,2] cannot find symbol
  symbol: class NoArgsConstructor
[ERROR] /C:/Users/AN515-54-55MX/OneDrive/Escritorio/Agendamiento de citas medicas/backend-reservas/users/src/main/java/com/clinica/users/domain/entities/Doctor.java:[5,14] package lombok does not exist
[ERROR] /C:/Users/AN515-54-55MX/OneDrive/Escritorio/Agendamiento de citas medicas/backend-reservas/users/src/main/java/com/clinica/users/domain/entities/Doctor.java:[6,14] package lombok does not exist
[ERROR] /C:/Users/AN515-54-55MX/OneDrive/Escritorio/Agendamiento de citas medicas/backend-reservas/users/src/main/java/com/clinica/users/domain/entities/Doctor.java:[7,14] package lombok does not exist
[ERROR] /C:/Users/AN515-54-55MX/OneDrive/Escritorio/Agendamiento de citas medicas/backend-reservas/users/src/main/java/com/clinica/users/domain/entities/Doctor.java:[13,2] cannot find symbol
  symbol: class Getter
[ERROR] /C:/Users/AN515-54-55MX/OneDrive/Escritorio/Agendamiento de citas medicas/backend-reservas/users/src/main/java/com/clinica/users/domain/entities/Doctor.java:[14,2] cannot find symbol
  symbol: class Setter
[ERROR] /C:/Users/AN515-54-55MX/OneDrive/Escritorio/Agendamiento de citas medicas/backend-reservas/users/src/main/java/com/clinica/users/domain/entities/Doctor.java:[15,2] cannot find symbol
  symbol: class NoArgsConstructor
[ERROR] /C:/Users/AN515-54-55MX/OneDrive/Escritorio/Agendamiento de citas medicas/backend-reservas/users/src/main/java/com/clinica/users/domain/entities/Scheduler.java:[5,14] package lombok does not exist
[ERROR] /C:/Users/AN515-54-55MX/OneDrive/Escritorio/Agendamiento de citas medicas/backend-reservas/users/src/main/java/com/clinica/users/domain/entities/Scheduler.java:[6,14] package lombok does not exist
[ERROR] /C:/Users/AN515-54-55MX/OneDrive/Escritorio/Agendamiento de citas medicas/backend-reservas/users/src/main/java/com/clinica/users/domain/entities/Scheduler.java:[7,14] package lombok does not exist
[ERROR] /C:/Users/AN515-54-55MX/OneDrive/Escritorio/Agendamiento de citas medicas/backend-reservas/users/src/main/java/com/clinica/users/domain/entities/Scheduler.java:[13,2] cannot find symbol
  symbol: class Getter
[ERROR] /C:/Users/AN515-54-55MX/OneDrive/Escritorio/Agendamiento de citas medicas/backend-reservas/users/src/main/java/com/clinica/users/domain/entities/Scheduler.java:[14,2] cannot find symbol
  symbol: class Setter
[ERROR] /C:/Users/AN515-54-55MX/OneDrive/Escritorio/Agendamiento de citas medicas/backend-reservas/users/src/main/java/com/clinica/users/domain/entities/Scheduler.java:[15,2] cannot find symbol
  symbol: class NoArgsConstructor
[ERROR] /C:/Users/AN515-54-55MX/OneDrive/Escritorio/Agendamiento de citas medicas/backend-reservas/users/src/main/java/com/clinica/users/domain/entities/User.java:[14,14] package lombok does not exist
[ERROR] /C:/Users/AN515-54-55MX/OneDrive/Escritorio/Agendamiento de citas medicas/backend-reservas/users/src/main/java/com/clinica/users/domain/entities/User.java:[15,14] package lombok does not exist
[ERROR] /C:/Users/AN515-54-55MX/OneDrive/Escritorio/Agendamiento de citas medicas/backend-reservas/users/src/main/java/com/clinica/users/domain/entities/User.java:[16,14] package lombok does not exist
[ERROR] /C:/Users/AN515-54-55MX/OneDrive/Escritorio/Agendamiento de citas medicas/backend-reservas/users/src/main/java/com/clinica/users/domain/entities/User.java:[22,2] cannot find symbol
  symbol: class Getter
[ERROR] /C:/Users/AN515-54-55MX/OneDrive/Escritorio/Agendamiento de citas medicas/backend-reservas/users/src/main/java/com/clinica/users/domain/entities/User.java:[23,2] cannot find symbol
  symbol: class Setter
[ERROR] /C:/Users/AN515-54-55MX/OneDrive/Escritorio/Agendamiento de citas medicas/backend-reservas/users/src/main/java/com/clinica/users/domain/entities/User.java:[24,2] cannot find symbol
  symbol: class NoArgsConstructor
[ERROR] /C:/Users/AN515-54-55MX/OneDrive/Escritorio/Agendamiento de citas medicas/backend-reservas/users/src/main/java/com/clinica/users/domain/entities/Admin.java:[15,1] package lombok does not exist
[ERROR] /C:/Users/AN515-54-55MX/OneDrive/Escritorio/Agendamiento de citas medicas/backend-reservas/users/src/main/java/com/clinica/users/domain/entities/Person.java:[28,18] package lombok does not exist
[ERROR] /C:/Users/AN515-54-55MX/OneDrive/Escritorio/Agendamiento de citas medicas/backend-reservas/users/src/main/java/com/clinica/users/domain/entities/Person.java:[30,20] package lombok does not exist
[ERROR] /C:/Users/AN515-54-55MX/OneDrive/Escritorio/Agendamiento de citas medicas/backend-reservas/users/src/main/java/com/clinica/users/domain/entities/Person.java:[31,20] package lombok does not exist
[ERROR] /C:/Users/AN515-54-55MX/OneDrive/Escritorio/Agendamiento de citas medicas/backend-reservas/users/src/main/java/com/clinica/users/domain/entities/Person.java:[32,20] package lombok does not exist
[ERROR] /C:/Users/AN515-54-55MX/OneDrive/Escritorio/Agendamiento de citas medicas/backend-reservas/users/src/main/java/com/clinica/users/domain/entities/Person.java:[33,20] package lombok does not exist
[ERROR] /C:/Users/AN515-54-55MX/OneDrive/Escritorio/Agendamiento de citas medicas/backend-reservas/users/src/main/java/com/clinica/users/domain/entities/Person.java:[34,20] package lombok does not exist
[ERROR] /C:/Users/AN515-54-55MX/OneDrive/Escritorio/Agendamiento de citas medicas/backend-reservas/users/src/main/java/com/clinica/users/domain/entities/Person.java:[19,1] package lombok does not exist
[ERROR] /C:/Users/AN515-54-55MX/OneDrive/Escritorio/Agendamiento de citas medicas/backend-reservas/users/src/main/java/com/clinica/users/domain/entities/Person.java:[20,1] package lombok does not exist
[ERROR] /C:/Users/AN515-54-55MX/OneDrive/Escritorio/Agendamiento de citas medicas/backend-reservas/users/src/main/java/com/clinica/users/domain/entities/Patient.java:[15,1] package lombok does not exist
[ERROR] /C:/Users/AN515-54-55MX/OneDrive/Escritorio/Agendamiento de citas medicas/backend-reservas/users/src/main/java/com/clinica/users/domain/entities/Doctor.java:[20,20] package lombok does not exist
[ERROR] /C:/Users/AN515-54-55MX/OneDrive/Escritorio/Agendamiento de citas medicas/backend-reservas/users/src/main/java/com/clinica/users/domain/entities/Doctor.java:[21,20] package lombok does not exist
[ERROR] /C:/Users/AN515-54-55MX/OneDrive/Escritorio/Agendamiento de citas medicas/backend-reservas/users/src/main/java/com/clinica/users/domain/entities/Doctor.java:[22,21] package lombok does not exist
[ERROR] /C:/Users/AN515-54-55MX/OneDrive/Escritorio/Agendamiento de citas medicas/backend-reservas/users/src/main/java/com/clinica/users/domain/entities/Doctor.java:[14,1] package lombok does not exist
[ERROR] /C:/Users/AN515-54-55MX/OneDrive/Escritorio/Agendamiento de citas medicas/backend-reservas/users/src/main/java/com/clinica/users/domain/entities/Doctor.java:[15,1] package lombok does not exist
[ERROR] /C:/Users/AN515-54-55MX/OneDrive/Escritorio/Agendamiento de citas medicas/backend-reservas/users/src/main/java/com/clinica/users/domain/entities/Scheduler.java:[15,1] package lombok does not exist
[ERROR] /C:/Users/AN515-54-55MX/OneDrive/Escritorio/Agendamiento de citas medicas/backend-reservas/users/src/main/java/com/clinica/users/domain/entities/User.java:[31,18] package lombok does not exist
[ERROR] /C:/Users/AN515-54-55MX/OneDrive/Escritorio/Agendamiento de citas medicas/backend-reservas/users/src/main/java/com/clinica/users/domain/entities/User.java:[33,20] package lombok does not exist
[ERROR] /C:/Users/AN515-54-55MX/OneDrive/Escritorio/Agendamiento de citas medicas/backend-reservas/users/src/main/java/com/clinica/users/domain/entities/User.java:[34,20] package lombok does not exist
[ERROR] /C:/Users/AN515-54-55MX/OneDrive/Escritorio/Agendamiento de citas medicas/backend-reservas/users/src/main/java/com/clinica/users/domain/entities/User.java:[35,21] package lombok does not exist
[ERROR] /C:/Users/AN515-54-55MX/OneDrive/Escritorio/Agendamiento de citas medicas/backend-reservas/users/src/main/java/com/clinica/users/domain/entities/User.java:[38,22] package lombok does not exist
[ERROR] /C:/Users/AN515-54-55MX/OneDrive/Escritorio/Agendamiento de citas medicas/backend-reservas/users/src/main/java/com/clinica/users/domain/entities/User.java:[42,20] package lombok does not exist
[ERROR] /C:/Users/AN515-54-55MX/OneDrive/Escritorio/Agendamiento de citas medicas/backend-reservas/users/src/main/java/com/clinica/users/domain/entities/User.java:[23,1] package lombok does not exist
[ERROR] /C:/Users/AN515-54-55MX/OneDrive/Escritorio/Agendamiento de citas medicas/backend-reservas/users/src/main/java/com/clinica/users/domain/entities/User.java:[24,1] package lombok does not exist
[INFO] 60 errors 
[INFO] -------------------------------------------------------------
[INFO] ------------------------------------------------------------------------
[INFO] Reactor Summary for backend-reservas 0.0.1-SNAPSHOT:
[INFO] 
[INFO] backend-reservas ................................... SUCCESS [  0.002 s]
[INFO] shared ............................................. SUCCESS [  0.600 s]
[INFO] users .............................................. FAILURE [  2.110 s]
[INFO] doctors ............................................ SKIPPED
[INFO] appointments ....................................... SKIPPED
[INFO] app-main ........................................... SKIPPED
[INFO] ------------------------------------------------------------------------
[INFO] BUILD FAILURE
[INFO] ------------------------------------------------------------------------
[INFO] Total time:  3.041 s
[INFO] Finished at: 2026-03-19T23:58:49-05:00
[INFO] ------------------------------------------------------------------------
[ERROR] Failed to execute goal org.apache.maven.plugins:maven-compiler-plugin:3.14.1:compile (default-compile) on project users: Compilation failure: Compilation failure: 
[ERROR] /C:/Users/AN515-54-55MX/OneDrive/Escritorio/Agendamiento de citas medicas/backend-reservas/users/src/main/java/com/clinica/users/domain/entities/Admin.java:[5,14] package lombok does not exist
[ERROR] /C:/Users/AN515-54-55MX/OneDrive/Escritorio/Agendamiento de citas medicas/backend-reservas/users/src/main/java/com/clinica/users/domain/entities/Admin.java:[6,14] package lombok does not exist
[ERROR] /C:/Users/AN515-54-55MX/OneDrive/Escritorio/Agendamiento de citas medicas/backend-reservas/users/src/main/java/com/clinica/users/domain/entities/Admin.java:[7,14] package lombok does not exist
[ERROR] /C:/Users/AN515-54-55MX/OneDrive/Escritorio/Agendamiento de citas medicas/backend-reservas/users/src/main/java/com/clinica/users/domain/entities/Person.java:[10,14] package lombok does not exist
[ERROR] /C:/Users/AN515-54-55MX/OneDrive/Escritorio/Agendamiento de citas medicas/backend-reservas/users/src/main/java/com/clinica/users/domain/entities/Person.java:[11,14] package lombok does not exist
[ERROR] /C:/Users/AN515-54-55MX/OneDrive/Escritorio/Agendamiento de citas medicas/backend-reservas/users/src/main/java/com/clinica/users/domain/entities/Person.java:[12,14] package lombok does not exist
[ERROR] /C:/Users/AN515-54-55MX/OneDrive/Escritorio/Agendamiento de citas medicas/backend-reservas/users/src/main/java/com/clinica/users/domain/entities/Person.java:[18,2] cannot find symbol
[ERROR]   symbol: class Getter
[ERROR] /C:/Users/AN515-54-55MX/OneDrive/Escritorio/Agendamiento de citas medicas/backend-reservas/users/src/main/java/com/clinica/users/domain/entities/Person.java:[19,2] cannot find symbol
[ERROR]   symbol: class Setter
[ERROR] /C:/Users/AN515-54-55MX/OneDrive/Escritorio/Agendamiento de citas medicas/backend-reservas/users/src/main/java/com/clinica/users/domain/entities/Person.java:[20,2] cannot find symbol
[ERROR]   symbol: class NoArgsConstructor
[ERROR] /C:/Users/AN515-54-55MX/OneDrive/Escritorio/Agendamiento de citas medicas/backend-reservas/users/src/main/java/com/clinica/users/domain/entities/Admin.java:[13,2] cannot find symbol
[ERROR]   symbol: class Getter
[ERROR] /C:/Users/AN515-54-55MX/OneDrive/Escritorio/Agendamiento de citas medicas/backend-reservas/users/src/main/java/com/clinica/users/domain/entities/Admin.java:[14,2] cannot find symbol
[ERROR]   symbol: class Setter
[ERROR] /C:/Users/AN515-54-55MX/OneDrive/Escritorio/Agendamiento de citas medicas/backend-reservas/users/src/main/java/com/clinica/users/domain/entities/Admin.java:[15,2] cannot find symbol
[ERROR]   symbol: class NoArgsConstructor
[ERROR] /C:/Users/AN515-54-55MX/OneDrive/Escritorio/Agendamiento de citas medicas/backend-reservas/users/src/main/java/com/clinica/users/domain/entities/Patient.java:[5,14] package lombok does not exist
[ERROR] /C:/Users/AN515-54-55MX/OneDrive/Escritorio/Agendamiento de citas medicas/backend-reservas/users/src/main/java/com/clinica/users/domain/entities/Patient.java:[6,14] package lombok does not exist
[ERROR] /C:/Users/AN515-54-55MX/OneDrive/Escritorio/Agendamiento de citas medicas/backend-reservas/users/src/main/java/com/clinica/users/domain/entities/Patient.java:[7,14] package lombok does not exist
[ERROR] /C:/Users/AN515-54-55MX/OneDrive/Escritorio/Agendamiento de citas medicas/backend-reservas/users/src/main/java/com/clinica/users/domain/entities/Patient.java:[13,2] cannot find symbol
[ERROR]   symbol: class Getter
[ERROR] /C:/Users/AN515-54-55MX/OneDrive/Escritorio/Agendamiento de citas medicas/backend-reservas/users/src/main/java/com/clinica/users/domain/entities/Patient.java:[14,2] cannot find symbol
[ERROR]   symbol: class Setter
[ERROR] /C:/Users/AN515-54-55MX/OneDrive/Escritorio/Agendamiento de citas medicas/backend-reservas/users/src/main/java/com/clinica/users/domain/entities/Patient.java:[15,2] cannot find symbol
[ERROR]   symbol: class NoArgsConstructor
[ERROR] /C:/Users/AN515-54-55MX/OneDrive/Escritorio/Agendamiento de citas medicas/backend-reservas/users/src/main/java/com/clinica/users/domain/entities/Doctor.java:[5,14] package lombok does not exist
[ERROR] /C:/Users/AN515-54-55MX/OneDrive/Escritorio/Agendamiento de citas medicas/backend-reservas/users/src/main/java/com/clinica/users/domain/entities/Doctor.java:[6,14] package lombok does not exist
[ERROR] /C:/Users/AN515-54-55MX/OneDrive/Escritorio/Agendamiento de citas medicas/backend-reservas/users/src/main/java/com/clinica/users/domain/entities/Doctor.java:[7,14] package lombok does not exist
[ERROR] /C:/Users/AN515-54-55MX/OneDrive/Escritorio/Agendamiento de citas medicas/backend-reservas/users/src/main/java/com/clinica/users/domain/entities/Doctor.java:[13,2] cannot find symbol
[ERROR]   symbol: class Getter
[ERROR] /C:/Users/AN515-54-55MX/OneDrive/Escritorio/Agendamiento de citas medicas/backend-reservas/users/src/main/java/com/clinica/users/domain/entities/Doctor.java:[14,2] cannot find symbol
[ERROR]   symbol: class Setter
[ERROR] /C:/Users/AN515-54-55MX/OneDrive/Escritorio/Agendamiento de citas medicas/backend-reservas/users/src/main/java/com/clinica/users/domain/entities/Doctor.java:[15,2] cannot find symbol
[ERROR]   symbol: class NoArgsConstructor
[ERROR] /C:/Users/AN515-54-55MX/OneDrive/Escritorio/Agendamiento de citas medicas/backend-reservas/users/src/main/java/com/clinica/users/domain/entities/Scheduler.java:[5,14] package lombok does not exist
[ERROR] /C:/Users/AN515-54-55MX/OneDrive/Escritorio/Agendamiento de citas medicas/backend-reservas/users/src/main/java/com/clinica/users/domain/entities/Scheduler.java:[6,14] package lombok does not exist
[ERROR] /C:/Users/AN515-54-55MX/OneDrive/Escritorio/Agendamiento de citas medicas/backend-reservas/users/src/main/java/com/clinica/users/domain/entities/Scheduler.java:[7,14] package lombok does not exist
[ERROR] /C:/Users/AN515-54-55MX/OneDrive/Escritorio/Agendamiento de citas medicas/backend-reservas/users/src/main/java/com/clinica/users/domain/entities/Scheduler.java:[13,2] cannot find symbol
[ERROR]   symbol: class Getter
[ERROR] /C:/Users/AN515-54-55MX/OneDrive/Escritorio/Agendamiento de citas medicas/backend-reservas/users/src/main/java/com/clinica/users/domain/entities/Scheduler.java:[14,2] cannot find symbol
[ERROR]   symbol: class Setter
[ERROR] /C:/Users/AN515-54-55MX/OneDrive/Escritorio/Agendamiento de citas medicas/backend-reservas/users/src/main/java/com/clinica/users/domain/entities/Scheduler.java:[15,2] cannot find symbol
[ERROR]   symbol: class NoArgsConstructor
[ERROR] /C:/Users/AN515-54-55MX/OneDrive/Escritorio/Agendamiento de citas medicas/backend-reservas/users/src/main/java/com/clinica/users/domain/entities/User.java:[14,14] package lombok does not exist
[ERROR] /C:/Users/AN515-54-55MX/OneDrive/Escritorio/Agendamiento de citas medicas/backend-reservas/users/src/main/java/com/clinica/users/domain/entities/User.java:[15,14] package lombok does not exist
[ERROR] /C:/Users/AN515-54-55MX/OneDrive/Escritorio/Agendamiento de citas medicas/backend-reservas/users/src/main/java/com/clinica/users/domain/entities/User.java:[16,14] package lombok does not exist
[ERROR] /C:/Users/AN515-54-55MX/OneDrive/Escritorio/Agendamiento de citas medicas/backend-reservas/users/src/main/java/com/clinica/users/domain/entities/User.java:[22,2] cannot find symbol
[ERROR]   symbol: class Getter
[ERROR] /C:/Users/AN515-54-55MX/OneDrive/Escritorio/Agendamiento de citas medicas/backend-reservas/users/src/main/java/com/clinica/users/domain/entities/User.java:[23,2] cannot find symbol
[ERROR]   symbol: class Setter
[ERROR] /C:/Users/AN515-54-55MX/OneDrive/Escritorio/Agendamiento de citas medicas/backend-reservas/users/src/main/java/com/clinica/users/domain/entities/User.java:[24,2] cannot find symbol
[ERROR]   symbol: class NoArgsConstructor
[ERROR] /C:/Users/AN515-54-55MX/OneDrive/Escritorio/Agendamiento de citas medicas/backend-reservas/users/src/main/java/com/clinica/users/domain/entities/Admin.java:[15,1] package lombok does not exist
[ERROR] /C:/Users/AN515-54-55MX/OneDrive/Escritorio/Agendamiento de citas medicas/backend-reservas/users/src/main/java/com/clinica/users/domain/entities/Person.java:[28,18] package lombok does not exist
[ERROR] /C:/Users/AN515-54-55MX/OneDrive/Escritorio/Agendamiento de citas medicas/backend-reservas/users/src/main/java/com/clinica/users/domain/entities/Person.java:[30,20] package lombok does not exist
[ERROR] /C:/Users/AN515-54-55MX/OneDrive/Escritorio/Agendamiento de citas medicas/backend-reservas/users/src/main/java/com/clinica/users/domain/entities/Person.java:[31,20] package lombok does not exist
[ERROR] /C:/Users/AN515-54-55MX/OneDrive/Escritorio/Agendamiento de citas medicas/backend-reservas/users/src/main/java/com/clinica/users/domain/entities/Person.java:[32,20] package lombok does not exist
[ERROR] /C:/Users/AN515-54-55MX/OneDrive/Escritorio/Agendamiento de citas medicas/backend-reservas/users/src/main/java/com/clinica/users/domain/entities/Person.java:[33,20] package lombok does not exist
[ERROR] /C:/Users/AN515-54-55MX/OneDrive/Escritorio/Agendamiento de citas medicas/backend-reservas/users/src/main/java/com/clinica/users/domain/entities/Person.java:[34,20] package lombok does not exist
[ERROR] /C:/Users/AN515-54-55MX/OneDrive/Escritorio/Agendamiento de citas medicas/backend-reservas/users/src/main/java/com/clinica/users/domain/entities/Person.java:[19,1] package lombok does not exist
[ERROR] /C:/Users/AN515-54-55MX/OneDrive/Escritorio/Agendamiento de citas medicas/backend-reservas/users/src/main/java/com/clinica/users/domain/entities/Person.java:[20,1] package lombok does not exist
[ERROR] /C:/Users/AN515-54-55MX/OneDrive/Escritorio/Agendamiento de citas medicas/backend-reservas/users/src/main/java/com/clinica/users/domain/entities/Patient.java:[15,1] package lombok does not exist
[ERROR] /C:/Users/AN515-54-55MX/OneDrive/Escritorio/Agendamiento de citas medicas/backend-reservas/users/src/main/java/com/clinica/users/domain/entities/Doctor.java:[20,20] package lombok does not exist
[ERROR] /C:/Users/AN515-54-55MX/OneDrive/Escritorio/Agendamiento de citas medicas/backend-reservas/users/src/main/java/com/clinica/users/domain/entities/Doctor.java:[21,20] package lombok does not exist
[ERROR] /C:/Users/AN515-54-55MX/OneDrive/Escritorio/Agendamiento de citas medicas/backend-reservas/users/src/main/java/com/clinica/users/domain/entities/Doctor.java:[22,21] package lombok does not exist
[ERROR] /C:/Users/AN515-54-55MX/OneDrive/Escritorio/Agendamiento de citas medicas/backend-reservas/users/src/main/java/com/clinica/users/domain/entities/Doctor.java:[14,1] package lombok does not exist
[ERROR] /C:/Users/AN515-54-55MX/OneDrive/Escritorio/Agendamiento de citas medicas/backend-reservas/users/src/main/java/com/clinica/users/domain/entities/Doctor.java:[15,1] package lombok does not exist
[ERROR] /C:/Users/AN515-54-55MX/OneDrive/Escritorio/Agendamiento de citas medicas/backend-reservas/users/src/main/java/com/clinica/users/domain/entities/Scheduler.java:[15,1] package lombok does not exist
[ERROR] /C:/Users/AN515-54-55MX/OneDrive/Escritorio/Agendamiento de citas medicas/backend-reservas/users/src/main/java/com/clinica/users/domain/entities/User.java:[31,18] package lombok does not exist
[ERROR] /C:/Users/AN515-54-55MX/OneDrive/Escritorio/Agendamiento de citas medicas/backend-reservas/users/src/main/java/com/clinica/users/domain/entities/User.java:[33,20] package lombok does not exist
[ERROR] /C:/Users/AN515-54-55MX/OneDrive/Escritorio/Agendamiento de citas medicas/backend-reservas/users/src/main/java/com/clinica/users/domain/entities/User.java:[34,20] package lombok does not exist
[ERROR] /C:/Users/AN515-54-55MX/OneDrive/Escritorio/Agendamiento de citas medicas/backend-reservas/users/src/main/java/com/clinica/users/domain/entities/User.java:[35,21] package lombok does not exist
[ERROR] /C:/Users/AN515-54-55MX/OneDrive/Escritorio/Agendamiento de citas medicas/backend-reservas/users/src/main/java/com/clinica/users/domain/entities/User.java:[38,22] package lombok does not exist
[ERROR] /C:/Users/AN515-54-55MX/OneDrive/Escritorio/Agendamiento de citas medicas/backend-reservas/users/src/main/java/com/clinica/users/domain/entities/User.java:[42,20] package lombok does not exist
[ERROR] /C:/Users/AN515-54-55MX/OneDrive/Escritorio/Agendamiento de citas medicas/backend-reservas/users/src/main/java/com/clinica/users/domain/entities/User.java:[23,1] package lombok does not exist
[ERROR] /C:/Users/AN515-54-55MX/OneDrive/Escritorio/Agendamiento de citas medicas/backend-reservas/users/src/main/java/com/clinica/users/domain/entities/User.java:[24,1] package lombok does not exist
[ERROR] -> [Help 1]
[ERROR] 
[ERROR] To see the full stack trace of the errors, re-run Maven with the -e switch.
[ERROR] Re-run Maven using the -X switch to enable full debug logging.
[ERROR] 
[ERROR] For more information about the errors and possible solutions, please read the following articles:
[ERROR] [Help 1] http://cwiki.apache.org/confluence/display/MAVEN/MojoFailureException
[ERROR] 
[ERROR] After correcting the problems, you can resume the build with the command
[ERROR]   mvn <args> -rf :users
