[INFO] Scanning for projects...
[INFO] 
[INFO] -------------------------< com.clinica:users >--------------------------
[INFO] Building users 0.0.1-SNAPSHOT
[INFO]   from pom.xml
[INFO] --------------------------------[ jar ]---------------------------------
[INFO] 
[INFO] --- resources:3.3.1:resources (default-resources) @ users ---
[INFO] Copying 0 resource from src\main\resources to target\classes
[INFO] Copying 0 resource from src\main\resources to target\classes
[INFO] 
[INFO] --- compiler:3.14.1:compile (default-compile) @ users ---
[INFO] Recompiling the module because of changed source code.
[INFO] Compiling 20 source files with javac [debug parameters release 25] to target\classes
[INFO] -------------------------------------------------------------
[ERROR] COMPILATION ERROR : 
[INFO] -------------------------------------------------------------
[ERROR] /C:/Users/AN515-54-55MX/OneDrive/Escritorio/Agendamiento de citas medicas/backend-reservas/users/src/main/java/com/clinica/users/application/services/PatientService.java:[3,30] cannot find symbol
  symbol:   class PatientRegistrationRequest
  location: package com.clinica.shared.dto
[ERROR] /C:/Users/AN515-54-55MX/OneDrive/Escritorio/Agendamiento de citas medicas/backend-reservas/users/src/main/java/com/clinica/users/application/services/PatientService.java:[15,26] cannot find symbol
  symbol:   class PatientRegistrationRequest
  location: interface com.clinica.users.application.services.PatientService
[ERROR] /C:/Users/AN515-54-55MX/OneDrive/Escritorio/Agendamiento de citas medicas/backend-reservas/users/src/main/java/com/clinica/users/application/services/PatientServiceImpl.java:[6,30] cannot find symbol
  symbol:   class PatientRegistrationRequest
  location: package com.clinica.shared.dto
[ERROR] /C:/Users/AN515-54-55MX/OneDrive/Escritorio/Agendamiento de citas medicas/backend-reservas/users/src/main/java/com/clinica/users/application/services/PatientServiceImpl.java:[50,33] cannot find symbol
  symbol:   class PatientRegistrationRequest
  location: class com.clinica.users.application.services.PatientServiceImpl
[ERROR] /C:/Users/AN515-54-55MX/OneDrive/Escritorio/Agendamiento de citas medicas/backend-reservas/users/src/main/java/com/clinica/users/domain/entities/Patient.java:[3,33] cannot find symbol
  symbol:   class Gender
  location: package com.clinica.shared.domain
[ERROR] /C:/Users/AN515-54-55MX/OneDrive/Escritorio/Agendamiento de citas medicas/backend-reservas/users/src/main/java/com/clinica/users/domain/entities/Patient.java:[25,13] cannot find symbol
  symbol:   class Gender
  location: class com.clinica.users.domain.entities.Patient
[ERROR] /C:/Users/AN515-54-55MX/OneDrive/Escritorio/Agendamiento de citas medicas/backend-reservas/users/src/main/java/com/clinica/users/domain/entities/Patient.java:[25,20] cannot find symbol
  symbol:   class Gender
  location: class com.clinica.users.domain.entities.Patient
[ERROR] /C:/Users/AN515-54-55MX/OneDrive/Escritorio/Agendamiento de citas medicas/backend-reservas/users/src/main/java/com/clinica/users/domain/entities/Patient.java:[18,1] cannot find symbol
  symbol:   class Gender
  location: class com.clinica.users.domain.entities.Patient
[ERROR] /C:/Users/AN515-54-55MX/OneDrive/Escritorio/Agendamiento de citas medicas/backend-reservas/users/src/main/java/com/clinica/users/infrastructure/controllers/PatientController.java:[3,30] cannot find symbol
  symbol:   class PatientRegistrationRequest
  location: package com.clinica.shared.dto
[ERROR] /C:/Users/AN515-54-55MX/OneDrive/Escritorio/Agendamiento de citas medicas/backend-reservas/users/src/main/java/com/clinica/users/infrastructure/controllers/PatientController.java:[39,69] cannot find symbol
  symbol:   class PatientRegistrationRequest
  location: class com.clinica.users.infrastructure.controllers.PatientController
[INFO] 10 errors 
[INFO] -------------------------------------------------------------
[INFO] ------------------------------------------------------------------------
[INFO] BUILD FAILURE
[INFO] ------------------------------------------------------------------------
[INFO] Total time:  6.246 s
[INFO] Finished at: 2026-03-20T12:37:49-05:00
[INFO] ------------------------------------------------------------------------
[ERROR] Failed to execute goal org.apache.maven.plugins:maven-compiler-plugin:3.14.1:compile (default-compile) on project users: Compilation failure: Compilation failure: 
[ERROR] /C:/Users/AN515-54-55MX/OneDrive/Escritorio/Agendamiento de citas medicas/backend-reservas/users/src/main/java/com/clinica/users/application/services/PatientService.java:[3,30] cannot find symbol
[ERROR]   symbol:   class PatientRegistrationRequest
[ERROR]   location: package com.clinica.shared.dto
[ERROR] /C:/Users/AN515-54-55MX/OneDrive/Escritorio/Agendamiento de citas medicas/backend-reservas/users/src/main/java/com/clinica/users/application/services/PatientService.java:[15,26] cannot find symbol
[ERROR]   symbol:   class PatientRegistrationRequest
[ERROR]   location: interface com.clinica.users.application.services.PatientService
[ERROR] /C:/Users/AN515-54-55MX/OneDrive/Escritorio/Agendamiento de citas medicas/backend-reservas/users/src/main/java/com/clinica/users/application/services/PatientServiceImpl.java:[6,30] cannot find symbol
[ERROR]   symbol:   class PatientRegistrationRequest
[ERROR]   location: package com.clinica.shared.dto
[ERROR] /C:/Users/AN515-54-55MX/OneDrive/Escritorio/Agendamiento de citas medicas/backend-reservas/users/src/main/java/com/clinica/users/application/services/PatientServiceImpl.java:[50,33] cannot find symbol
[ERROR]   symbol:   class PatientRegistrationRequest
[ERROR]   location: class com.clinica.users.application.services.PatientServiceImpl
[ERROR] /C:/Users/AN515-54-55MX/OneDrive/Escritorio/Agendamiento de citas medicas/backend-reservas/users/src/main/java/com/clinica/users/domain/entities/Patient.java:[3,33] cannot find symbol
[ERROR]   symbol:   class Gender
[ERROR]   location: package com.clinica.shared.domain
[ERROR] /C:/Users/AN515-54-55MX/OneDrive/Escritorio/Agendamiento de citas medicas/backend-reservas/users/src/main/java/com/clinica/users/domain/entities/Patient.java:[25,13] cannot find symbol
[ERROR]   symbol:   class Gender
[ERROR]   location: class com.clinica.users.domain.entities.Patient
[ERROR] /C:/Users/AN515-54-55MX/OneDrive/Escritorio/Agendamiento de citas medicas/backend-reservas/users/src/main/java/com/clinica/users/domain/entities/Patient.java:[25,20] cannot find symbol
[ERROR]   symbol:   class Gender
[ERROR]   location: class com.clinica.users.domain.entities.Patient
[ERROR] /C:/Users/AN515-54-55MX/OneDrive/Escritorio/Agendamiento de citas medicas/backend-reservas/users/src/main/java/com/clinica/users/domain/entities/Patient.java:[18,1] cannot find symbol
[ERROR]   symbol:   class Gender
[ERROR]   location: class com.clinica.users.domain.entities.Patient
[ERROR] /C:/Users/AN515-54-55MX/OneDrive/Escritorio/Agendamiento de citas medicas/backend-reservas/users/src/main/java/com/clinica/users/infrastructure/controllers/PatientController.java:[3,30] cannot find symbol
[ERROR]   symbol:   class PatientRegistrationRequest
[ERROR]   location: package com.clinica.shared.dto
[ERROR] /C:/Users/AN515-54-55MX/OneDrive/Escritorio/Agendamiento de citas medicas/backend-reservas/users/src/main/java/com/clinica/users/infrastructure/controllers/PatientController.java:[39,69] cannot find symbol
[ERROR]   symbol:   class PatientRegistrationRequest
[ERROR]   location: class com.clinica.users.infrastructure.controllers.PatientController
[ERROR] -> [Help 1]
[ERROR] 
[ERROR] To see the full stack trace of the errors, re-run Maven with the -e switch.
[ERROR] Re-run Maven using the -X switch to enable full debug logging.
[ERROR] 
[ERROR] For more information about the errors and possible solutions, please read the following articles:
[ERROR] [Help 1] http://cwiki.apache.org/confluence/display/MAVEN/MojoFailureException
