[INFO] Scanning for projects...
[INFO] ------------------------------------------------------------------------
[INFO] Reactor Build Order:
[INFO] 
[INFO] backend-reservas                                                   [pom]
[INFO] shared                                                             [jar]
[INFO] users                                                              [jar]
[INFO] doctors                                                            [jar]
[INFO] appointments                                                       [jar]
[INFO] app-main                                                           [jar]
[INFO] 
[INFO] --------------------< com.clinica:backend-reservas >--------------------
[INFO] Building backend-reservas 0.0.1-SNAPSHOT                           [1/6]
[INFO]   from pom.xml
[INFO] --------------------------------[ pom ]---------------------------------
[INFO] 
[INFO] --- clean:3.4.1:clean (default-clean) @ backend-reservas ---
[INFO] 
[INFO] --- install:3.1.3:install (default-install) @ backend-reservas ---
[INFO] Installing C:\Users\AN515-54-55MX\OneDrive\Escritorio\Agendamiento de citas medicas\Agendamiento-de-citas-medicas-main\backend-reservas\pom.xml to C:\Users\AN515-54-55MX\.m2\repository\com\clinica\backend-reservas\0.0.1-SNAPSHOT\backend-reservas-0.0.1-SNAPSHOT.pom
[INFO] 
[INFO] -------------------------< com.clinica:shared >-------------------------
[INFO] Building shared 0.0.1-SNAPSHOT                                     [2/6]
[INFO]   from shared\pom.xml
[INFO] --------------------------------[ jar ]---------------------------------
[INFO] 
[INFO] --- clean:3.4.1:clean (default-clean) @ shared ---
[INFO] Deleting C:\Users\AN515-54-55MX\OneDrive\Escritorio\Agendamiento de citas medicas\Agendamiento-de-citas-medicas-main\backend-reservas\shared\target
[INFO] 
[INFO] --- resources:3.3.1:resources (default-resources) @ shared ---
[INFO] skip non existing resourceDirectory C:\Users\AN515-54-55MX\OneDrive\Escritorio\Agendamiento de citas medicas\Agendamiento-de-citas-medicas-main\backend-reservas\shared\src\main\resources
[INFO] skip non existing resourceDirectory C:\Users\AN515-54-55MX\OneDrive\Escritorio\Agendamiento de citas medicas\Agendamiento-de-citas-medicas-main\backend-reservas\shared\src\main\resources
[INFO] 
[INFO] --- compiler:3.13.0:compile (default-compile) @ shared ---
[INFO] Recompiling the module because of changed source code.
[INFO] Compiling 23 source files with javac [debug parameters release 21] to target\classes
./mvnw : WARNING: A 
terminally deprecated 
method in 
sun.misc.Unsafe has 
been called
En línea: 1 Carácter: 1
+ ./mvnw clean install 
-DskipTests 2>&1 | 
Out-File build.log 
-Encoding  ...
+ ~~~~~~~~~~~~~~~~~~~~~
~~~~~~~~~~~~~~~~
    + CategoryInfo     
         : NotSpecifi  
  ed: (WARNING: A te   
 rm...has been call    
ed:String) [], Rem    
oteException
    + FullyQualifiedEr 
   rorId : NativeComm  
  andError
 
WARNING: sun.misc.Unsaf
e::objectFieldOffset 
has been called by 
lombok.permit.Permit
WARNING: Please 
consider reporting 
this to the 
maintainers of class 
lombok.permit.Permit
WARNING: sun.misc.Unsaf
e::objectFieldOffset 
will be removed in a 
future release
[INFO] ------------------------------------------------------------------------
[INFO] Reactor Summary for backend-reservas 0.0.1-SNAPSHOT:
[INFO] 
[INFO] backend-reservas ................................... SUCCESS [  0.582 s]
[INFO] shared ............................................. FAILURE [  2.431 s]
[INFO] users .............................................. SKIPPED
[INFO] doctors ............................................ SKIPPED
[INFO] appointments ....................................... SKIPPED
[INFO] app-main ........................................... SKIPPED
[INFO] ------------------------------------------------------------------------
[INFO] BUILD FAILURE
[INFO] ------------------------------------------------------------------------
[INFO] Total time:  3.668 s
[INFO] Finished at: 2026-03-23T19:48:39-05:00
[INFO] ------------------------------------------------------------------------
[ERROR] Failed to execute goal org.apache.maven.plugins:maven-compiler-plugin:3.13.0:compile (default-compile) on project shared: Fatal error compiling: java.lang.ExceptionInInitializerError: com.sun.tools.javac.code.TypeTag :: UNKNOWN -> [Help 1]
[ERROR] 
[ERROR] To see the full stack trace of the errors, re-run Maven with the -e switch.
[ERROR] Re-run Maven using the -X switch to enable full debug logging.
[ERROR] 
[ERROR] For more information about the errors and possible solutions, please read the following articles:
[ERROR] [Help 1] http://cwiki.apache.org/confluence/display/MAVEN/MojoExecutionException
[ERROR] 
[ERROR] After correcting the problems, you can resume the build with the command
[ERROR]   mvn <args> -rf :shared
