WARNING: A restricted method in java.lang.System has been called
WARNING: java.lang.System::load has been called by org.fusesource.jansi.internal.JansiLoader in an unnamed module (file:/C:/apache-maven/lib/jansi-2.4.0.jar)
WARNING: Use --enable-native-access=ALL-UNNAMED to avoid a warning for callers in this module
WARNING: Restricted methods will be blocked in a future release unless native access is enabled

WARNING: A terminally deprecated method in sun.misc.Unsafe has been called
WARNING: sun.misc.Unsafe::objectFieldOffset has been called by com.google.common.util.concurrent.AbstractFuture$UnsafeAtomicHelper (file:/C:/apache-maven/lib/guava-32.0.1-jre.jar)
WARNING: Please consider reporting this to the maintainers of class com.google.common.util.concurrent.AbstractFuture$UnsafeAtomicHelper
WARNING: sun.misc.Unsafe::objectFieldOffset will be removed in a future release
[INFO] Scanning for projects...
[INFO] ------------------------------------------------------------------------
[INFO] Reactor Build Order:
[INFO] 
[INFO] backend-reservas                                                   [pom]
[INFO] shared                                                             [jar]
[INFO] users                                                              [jar]
[INFO] doctors                                                            [jar]
[INFO] appointments                                                       [jar]
[INFO] app-main                                                           [jar]
[INFO] 
[INFO] --------------------< com.clinica:backend-reservas >--------------------
[INFO] Building backend-reservas 0.0.1-SNAPSHOT                           [1/6]
[INFO]   from pom.xml
[INFO] --------------------------------[ pom ]---------------------------------
[INFO] 
[INFO] -------------------------< com.clinica:shared >-------------------------
[INFO] Building shared 0.0.1-SNAPSHOT                                     [2/6]
[INFO]   from shared\pom.xml
[INFO] --------------------------------[ jar ]---------------------------------
[INFO] 
[INFO] --- resources:3.3.1:resources (default-resources) @ shared ---
[INFO] Copying 0 resource from src\main\resources to target\classes
[INFO] Copying 0 resource from src\main\resources to target\classes
[INFO] 
[INFO] --- compiler:3.14.1:compile (default-compile) @ shared ---
[INFO] Nothing to compile - all classes are up to date.
[INFO] 
[INFO] -------------------------< com.clinica:users >--------------------------
[INFO] Building users 0.0.1-SNAPSHOT                                      [3/6]
[INFO]   from users\pom.xml
[INFO] --------------------------------[ jar ]---------------------------------
[INFO] 
[INFO] --- resources:3.3.1:resources (default-resources) @ users ---
[INFO] Copying 0 resource from src\main\resources to target\classes
[INFO] Copying 0 resource from src\main\resources to target\classes
[INFO] 
[INFO] --- compiler:3.14.1:compile (default-compile) @ users ---
[INFO] Nothing to compile - all classes are up to date.
[INFO] 
[INFO] ------------------------< com.clinica:doctors >-------------------------
[INFO] Building doctors 0.0.1-SNAPSHOT                                    [4/6]
[INFO]   from doctors\pom.xml
[INFO] --------------------------------[ jar ]---------------------------------
[INFO] 
[INFO] --- resources:3.3.1:resources (default-resources) @ doctors ---
[INFO] Copying 0 resource from src\main\resources to target\classes
[INFO] Copying 0 resource from src\main\resources to target\classes
[INFO] 
[INFO] --- compiler:3.14.1:compile (default-compile) @ doctors ---
[INFO] Nothing to compile - all classes are up to date.
[INFO] 
[INFO] ----------------------< com.clinica:appointments >----------------------
[INFO] Building appointments 0.0.1-SNAPSHOT                               [5/6]
[INFO]   from appointments\pom.xml
[INFO] --------------------------------[ jar ]---------------------------------
[INFO] 
[INFO] --- resources:3.3.1:resources (default-resources) @ appointments ---
[INFO] Copying 0 resource from src\main\resources to target\classes
[INFO] Copying 0 resource from src\main\resources to target\classes
[INFO] 
[INFO] --- compiler:3.14.1:compile (default-compile) @ appointments ---
[INFO] Nothing to compile - all classes are up to date.
[INFO] 
[INFO] ------------------------< com.clinica:app-main >------------------------
[INFO] Building app-main 0.0.1-SNAPSHOT                                   [6/6]
[INFO]   from app-main\pom.xml
[INFO] --------------------------------[ jar ]---------------------------------
[INFO] 
[INFO] --- resources:3.3.1:resources (default-resources) @ app-main ---
[INFO] Copying 1 resource from src\main\resources to target\classes
[INFO] Copying 0 resource from src\main\resources to target\classes
[INFO] 
[INFO] --- compiler:3.14.1:compile (default-compile) @ app-main ---
[INFO] Recompiling the module because of changed source code.
[INFO] Compiling 2 source files with javac [debug parameters release 25] to target\classes
[INFO] -------------------------------------------------------------
[ERROR] COMPILATION ERROR : 
[INFO] -------------------------------------------------------------
[ERROR] /C:/Users/AN515-54-55MX/OneDrive/Escritorio/Agendamiento de citas medicas/backend-reservas/app-main/src/main/java/com/clinica/infrastructure/config/SecurityConfig.java:[52,50] constructor DaoAuthenticationProvider in class org.springframework.security.authentication.dao.DaoAuthenticationProvider cannot be applied to given types;
  required: org.springframework.security.core.userdetails.UserDetailsService
  found:    no arguments
  reason: actual and formal argument lists differ in length
[ERROR] /C:/Users/AN515-54-55MX/OneDrive/Escritorio/Agendamiento de citas medicas/backend-reservas/app-main/src/main/java/com/clinica/infrastructure/config/SecurityConfig.java:[53,21] cannot find symbol
  symbol:   method setUserDetailsService(com.clinica.users.infrastructure.security.CustomUserDetailsService)
  location: variable authProvider of type org.springframework.security.authentication.dao.DaoAuthenticationProvider
[INFO] 2 errors 
[INFO] -------------------------------------------------------------
[INFO] ------------------------------------------------------------------------
[INFO] Reactor Summary for backend-reservas 0.0.1-SNAPSHOT:
[INFO] 
[INFO] backend-reservas ................................... SUCCESS [  0.001 s]
[INFO] shared ............................................. SUCCESS [  0.672 s]
[INFO] users .............................................. SUCCESS [  0.276 s]
[INFO] doctors ............................................ SUCCESS [  0.098 s]
[INFO] appointments ....................................... SUCCESS [  0.095 s]
[INFO] app-main ........................................... FAILURE [  1.535 s]
[INFO] ------------------------------------------------------------------------
[INFO] BUILD FAILURE
[INFO] ------------------------------------------------------------------------
[INFO] Total time:  2.987 s
[INFO] Finished at: 2026-03-19T23:59:55-05:00
[INFO] ------------------------------------------------------------------------
[ERROR] Failed to execute goal org.apache.maven.plugins:maven-compiler-plugin:3.14.1:compile (default-compile) on project app-main: Compilation failure: Compilation failure: 
[ERROR] /C:/Users/AN515-54-55MX/OneDrive/Escritorio/Agendamiento de citas medicas/backend-reservas/app-main/src/main/java/com/clinica/infrastructure/config/SecurityConfig.java:[52,50] constructor DaoAuthenticationProvider in class org.springframework.security.authentication.dao.DaoAuthenticationProvider cannot be applied to given types;
[ERROR]   required: org.springframework.security.core.userdetails.UserDetailsService
[ERROR]   found:    no arguments
[ERROR]   reason: actual and formal argument lists differ in length
[ERROR] /C:/Users/AN515-54-55MX/OneDrive/Escritorio/Agendamiento de citas medicas/backend-reservas/app-main/src/main/java/com/clinica/infrastructure/config/SecurityConfig.java:[53,21] cannot find symbol
[ERROR]   symbol:   method setUserDetailsService(com.clinica.users.infrastructure.security.CustomUserDetailsService)
[ERROR]   location: variable authProvider of type org.springframework.security.authentication.dao.DaoAuthenticationProvider
[ERROR] -> [Help 1]
[ERROR] 
[ERROR] To see the full stack trace of the errors, re-run Maven with the -e switch.
[ERROR] Re-run Maven using the -X switch to enable full debug logging.
[ERROR] 
[ERROR] For more information about the errors and possible solutions, please read the following articles:
[ERROR] [Help 1] http://cwiki.apache.org/confluence/display/MAVEN/MojoFailureException
[ERROR] 
[ERROR] After correcting the problems, you can resume the build with the command
[ERROR]   mvn <args> -rf :app-main
