[INFO] Scanning for projects...
[INFO] ------------------------------------------------------------------------
[INFO] Reactor Build Order:
[INFO] 
[INFO] backend-reservas                                                   [pom]
[INFO] shared                                                             [jar]
[INFO] users                                                              [jar]
[INFO] doctors                                                            [jar]
[INFO] appointments                                                       [jar]
[INFO] app-main                                                           [jar]
[INFO] 
[INFO] --------------------< com.clinica:backend-reservas >--------------------
[INFO] Building backend-reservas 0.0.1-SNAPSHOT                           [1/6]
[INFO]   from pom.xml
[INFO] --------------------------------[ pom ]---------------------------------
[INFO] Downloading from central: https://repo.maven.apache.org/maven2/org/apache/maven/plugins/maven-clean-plugin/3.5.0/maven-clean-plugin-3.5.0.pom
[INFO] Downloaded from central: https://repo.maven.apache.org/maven2/org/apache/maven/plugins/maven-clean-plugin/3.5.0/maven-clean-plugin-3.5.0.pom (5.7 kB at 7.6 kB/s)
[INFO] Downloading from central: https://repo.maven.apache.org/maven2/org/apache/maven/plugins/maven-plugins/44/maven-plugins-44.pom
[INFO] Downloaded from central: https://repo.maven.apache.org/maven2/org/apache/maven/plugins/maven-plugins/44/maven-plugins-44.pom (8.4 kB at 102 kB/s)
[INFO] 
[INFO] --- clean:3.5.0:clean (default-clean) @ backend-reservas ---
[INFO] Deleting C:\Users\AN515-54-55MX\OneDrive\Escritorio\Agendamiento de citas medicas\backend-reservas\target
[INFO] 
[INFO] -------------------------< com.clinica:shared >-------------------------
[INFO] Building shared 0.0.1-SNAPSHOT                                     [2/6]
[INFO]   from shared\pom.xml
[INFO] --------------------------------[ jar ]---------------------------------
[INFO] 
[INFO] --- clean:3.5.0:clean (default-clean) @ shared ---
[INFO] Deleting C:\Users\AN515-54-55MX\OneDrive\Escritorio\Agendamiento de citas medicas\backend-reservas\shared\target
[INFO] 
[INFO] --- resources:3.3.1:resources (default-resources) @ shared ---
[INFO] Copying 0 resource from src\main\resources to target\classes
[INFO] Copying 0 resource from src\main\resources to target\classes
[INFO] 
[INFO] --- compiler:3.14.1:compile (default-compile) @ shared ---
[INFO] Recompiling the module because of changed source code.
[INFO] Compiling 8 source files with javac [debug parameters release 25] to target\classes
[INFO] ------------------------------------------------------------------------
[INFO] Reactor Summary for backend-reservas 0.0.1-SNAPSHOT:
[INFO] 
[INFO] backend-reservas ................................... SUCCESS [  1.668 s]
[INFO] shared ............................................. FAILURE [  3.618 s]
[INFO] users .............................................. SKIPPED
[INFO] doctors ............................................ SKIPPED
[INFO] appointments ....................................... SKIPPED
[INFO] app-main ........................................... SKIPPED
[INFO] ------------------------------------------------------------------------
[INFO] BUILD FAILURE
[INFO] ------------------------------------------------------------------------
[INFO] Total time:  6.225 s
[INFO] Finished at: 2026-03-19T23:53:05-05:00
[INFO] ------------------------------------------------------------------------
[ERROR] Failed to execute goal org.apache.maven.plugins:maven-compiler-plugin:3.14.1:compile (default-compile) on project shared: Fatal error compiling: error: release version 25 not supported -> [Help 1]
[ERROR] 
[ERROR] To see the full stack trace of the errors, re-run Maven with the -e switch.
[ERROR] Re-run Maven using the -X switch to enable full debug logging.
[ERROR] 
[ERROR] For more information about the errors and possible solutions, please read the following articles:
[ERROR] [Help 1] http://cwiki.apache.org/confluence/display/MAVEN/MojoExecutionException
[ERROR] 
[ERROR] After correcting the problems, you can resume the build with the command
[ERROR]   mvn <args> -rf :shared
